@prefix base: <https://industryfusion.github.io/contexts/ontology/v0/base/> .
@prefix opcua: <http://opcfoundation.org/UA/> .
@prefix owl: <http://www.w3.org/2002/07/owl#> .
@prefix rdf: <http://www.w3.org/1999/02/22-rdf-syntax-ns#> .
@prefix rdfs: <http://www.w3.org/2000/01/rdf-schema#> .
@prefix sb: <https://industryfusion.github.io/contexts/ontology/v0/semanticbridge/> .
@prefix xsd: <http://www.w3.org/2001/XMLSchema#> .

<http://my.test/> a owl:Ontology ;
    owl:imports <file:///home/marcel/src/DigitalTwin/semantic-model/opcua/core.owl.ttl>,
        rdf:,
        rdfs:,
        <https://industryfusion.github.io/contexts/staging/ontology/v0/base.ttl>,
        <https://industryfusion.github.io/contexts/staging/ontology/v0/ngsild.ttl> ;
    owl:versionIRI <http://example.com/v0.1/test/> ;
    owl:versionInfo 1e-01 .

<http://my.test/SubType> a owl:Class ;
    rdfs:subClassOf [ a owl:Restriction ;
            owl:minQualifiedCardinality "1"^^xsd:nonNegativeInteger ;
            owl:onClass <http://my.test/VT_9e6f2919a002c39e680020ee> ;
            owl:onProperty <http://my.test/hasDrive> ],
        [ a owl:Restriction ;
            owl:allValuesFrom <http://my.test/VT_9e6f2919a002c39e680020ee> ;
            owl:onProperty <http://my.test/hasDrive> ],
        <http://my.test/BaseType> .

<http://my.test/BaseType> a owl:Class ;
    rdfs:subClassOf [ a owl:Restriction ;
            owl:allValuesFrom <http://my.test/VT_b153aae3b9a78303d2412efe> ;
            owl:onProperty <http://my.test/hasDrive> ],
        [ a owl:Restriction ;
            owl:minQualifiedCardinality "1"^^xsd:nonNegativeInteger ;
            owl:onClass <http://my.test/VT_b153aae3b9a78303d2412efe> ;
            owl:onProperty <http://my.test/hasDrive> ],
        opcua:BaseObjectType .

base:SemanticBridgeReferenceType a owl:ObjectProperty .

<http://my.test/DriveType> a owl:Class ;
    rdfs:subClassOf opcua:BaseObjectType .

<http://my.test/VT_9e6f2919a002c39e680020ee> a owl:Class ;
    rdfs:subClassOf <http://my.test/DriveType>,
        <http://my.test/VT_b153aae3b9a78303d2412efe> ;
    sb:originalBrowsePath "http://my.test/Drive" .

<http://my.test/VT_b153aae3b9a78303d2412efe> a owl:Class ;
    rdfs:subClassOf <http://my.test/DriveType> ;
    sb:originalBrowsePath "http://my.test/Drive" .

<http://my.test/hasDrive> a owl:ObjectProperty ;
    rdfs:subPropertyOf base:SemanticBridgeReferenceType .

