@prefix base: <https://industryfusion.github.io/contexts/ontology/v0/base/> .
@prefix opcua: <http://opcfoundation.org/UA/> .
@prefix owl: <http://www.w3.org/2002/07/owl#> .
@prefix rdf: <http://www.w3.org/1999/02/22-rdf-syntax-ns#> .
@prefix rdfs: <http://www.w3.org/2000/01/rdf-schema#> .
@prefix sb: <https://industryfusion.github.io/contexts/ontology/v0/semanticbridge/> .
@prefix xsd: <http://www.w3.org/2001/XMLSchema#> .

<http://my.test/> a owl:Ontology ;
    owl:imports <file:///home/marcel/src/DigitalTwin/semantic-model/opcua/core.owl.ttl>,
        rdf:,
        rdfs:,
        <https://industryfusion.github.io/contexts/staging/ontology/v0/base.ttl>,
        <https://industryfusion.github.io/contexts/staging/ontology/v0/ngsild.ttl> ;
    owl:versionIRI <http://example.com/v0.1/test/> ;
    owl:versionInfo 1e-01 .

<http://my.test/SubType> a owl:Class ;
    rdfs:subClassOf [ a owl:Restriction ;
            owl:minQualifiedCardinality "1"^^xsd:nonNegativeInteger ;
            owl:onClass <http://my.test/VT_835bec51a4dc8b76e3ed4f74> ;
            owl:onProperty <http://my.test/hasPart> ],
        [ a owl:Restriction ;
            owl:allValuesFrom <http://my.test/VT_835bec51a4dc8b76e3ed4f74> ;
            owl:onProperty <http://my.test/hasPart> ],
        <http://my.test/BaseType> .

<http://my.test/AdvancedPartType> a owl:Class ;
    rdfs:subClassOf <http://my.test/PartType> .

<http://my.test/BaseType> a owl:Class ;
    rdfs:subClassOf [ a owl:Restriction ;
            owl:minQualifiedCardinality "1"^^xsd:nonNegativeInteger ;
            owl:onClass <http://my.test/VT_237731a8e4d33174ebc84e18> ;
            owl:onProperty <http://my.test/hasPart> ],
        [ a owl:Restriction ;
            owl:allValuesFrom <http://my.test/VT_237731a8e4d33174ebc84e18> ;
            owl:onProperty <http://my.test/hasPart> ],
        opcua:BaseObjectType .

base:SemanticBridgeReferenceType a owl:ObjectProperty .

<http://my.test/PartType> a owl:Class ;
    rdfs:subClassOf opcua:BaseObjectType .

<http://my.test/VT_835bec51a4dc8b76e3ed4f74> a owl:Class ;
    rdfs:subClassOf <http://my.test/AdvancedPartType>,
        <http://my.test/VT_237731a8e4d33174ebc84e18> ;
    sb:originalBrowsePath "http://my.test/Part" .

<http://my.test/VT_237731a8e4d33174ebc84e18> a owl:Class ;
    rdfs:subClassOf <http://my.test/PartType> ;
    sb:originalBrowsePath "http://my.test/Part" .

<http://my.test/hasPart> a owl:ObjectProperty ;
    rdfs:subPropertyOf base:SemanticBridgeReferenceType .

